// Jest Snapshot v1, https://goo.gl/fbAQLP

exports[`Container MultiSelect should render input with props 1`] = `
Object {
  "autoFocus": undefined,
  "className": "form-control",
  "disabled": undefined,
  "name": undefined,
  "onBlur": undefined,
  "onChange": [Function],
  "onFocus": [Function],
  "onKeyDown": [Function],
  "placeholder": undefined,
  "readOnly": undefined,
  "role": "search",
  "type": "text",
  "value": undefined,
}
`;
