// Jest Snapshot v1, https://goo.gl/fbAQLP

exports[`Date.Input should render 1`] = `
<ForwardRef(DateRange.Input)
  date={
    Object {
      "textInput": "2019-10-11",
      "value": 2019-10-10T22:00:00.000Z,
    }
  }
  label="start date"
  onChange={[MockFunction]}
  onFocus={[MockFunction]}
  time={
    Object {
      "textInput": "00:00",
    }
  }
>
  <div>
    <label
      className="control-label"
    >
      start date
    </label>
    <div
      style={
        Object {
          "display": "flex",
        }
      }
    >
      <InputSizer
        inputText="YYYY-MM-DD"
      >
        <DebounceInput
          autoComplete="off"
          className="form-control range-start-input"
          debounceTimeout={300}
          element="input"
          forceNotifyByEnter={true}
          forceNotifyOnBlur={true}
          inputRef={null}
          minLength={0}
          onChange={[MockFunction]}
          onFocus={[Function]}
          placeholder="YYYY-MM-DD"
          style={
            Object {
              "width": 47,
            }
          }
          time={
            Object {
              "textInput": "00:00",
            }
          }
          type="text"
          value="2019-10-11"
        >
          <input
            autoComplete="off"
            className="form-control range-start-input"
            onBlur={[Function]}
            onChange={[Function]}
            onFocus={[Function]}
            onKeyDown={[Function]}
            placeholder="YYYY-MM-DD"
            style={
              Object {
                "width": 47,
              }
            }
            time={
              Object {
                "textInput": "00:00",
              }
            }
            type="text"
            value="2019-10-11"
          />
        </DebounceInput>
        <span
          style={
            Object {
              "fontSize": "1.6rem",
              "fontWeight": 400,
              "position": "absolute",
              "visibility": "hidden",
            }
          }
        >
          YYYY-MM-DD
        </span>
      </InputSizer>
      <InputSizer>
        <DebounceInput
          autoComplete="off"
          className="form-control"
          debounceTimeout={300}
          element="input"
          forceNotifyByEnter={true}
          forceNotifyOnBlur={true}
          minLength={0}
          onFocus={[Function]}
          style={
            Object {
              "width": 47,
            }
          }
          time={
            Object {
              "textInput": "00:00",
            }
          }
          type="text"
          value="00:00"
        >
          <input
            autoComplete="off"
            className="form-control"
            onBlur={[Function]}
            onChange={[Function]}
            onFocus={[Function]}
            onKeyDown={[Function]}
            style={
              Object {
                "width": 47,
              }
            }
            time={
              Object {
                "textInput": "00:00",
              }
            }
            type="text"
            value="00:00"
          />
        </DebounceInput>
        <span
          style={
            Object {
              "fontSize": "1.6rem",
              "fontStyle": "oblique",
              "fontWeight": 400,
              "position": "absolute",
              "visibility": "hidden",
            }
          }
        />
      </InputSizer>
    </div>
  </div>
</ForwardRef(DateRange.Input)>
`;
