// Jest Snapshot v1, https://goo.gl/fbAQLP

exports[`name-filter-component 1`] = `
<button
  aria-label="Toggle filter"
  className="filter-name btn btn-link"
  disabled={false}
  id="filter-schema"
  onClick={[Function]}
  onFocus={[Function]}
  onMouseDown={[Function]}
  onMouseOver={[Function]}
  role={null}
  type="button"
>
  <svg
    aria-hidden="true"
    className="theme-tc-svg-icon tc-svg-icon"
    focusable="false"
    title={null}
  >
    <use
      xlinkHref="#talend-search"
    />
  </svg>
</button>
`;
