// Jest Snapshot v1, https://goo.gl/fbAQLP

exports[`Code field should render ace-editor in FieldTemplate 1`] = `
<Code
  id="myCodeWidget"
  isValid={true}
  onChange={[MockFunction]}
  onFinish={[MockFunction]}
  schema={
    Object {
      "autoFocus": true,
      "description": "my text input hint",
      "title": "My input title",
      "type": "code",
    }
  }
  t={[Function]}
  value="toto"
/>
`;
