// Jest Snapshot v1, https://goo.gl/fbAQLP

exports[`mandatory-field-filter-component 1`] = `
<div
  className="checkbox tc-toggle switch checkbox"
>
  <label
    data-feature={undefined}
    htmlFor="show-mandatory-fields"
  >
    <input
      autoFocus={undefined}
      checked={false}
      disabled={false}
      id="show-mandatory-fields"
      onBlur={undefined}
      onChange={[Function]}
      type="checkbox"
    />
    <span>
      Show Mandatory Fields (*) Only
    </span>
  </label>
</div>
`;
