// Jest Snapshot v1, https://goo.gl/fbAQLP

exports[`DateRange.Inputs should render 1`] = `
<DateRange.Inputs
  aria-labelledby="labelId"
>
  <InputSizer
    inputText=""
    placeholder="YYYY-MM-DD"
  >
    <DebounceInput
      aria-labelledby="labelId"
      autoComplete="off"
      className="form-control"
      debounceTimeout={300}
      element="input"
      forceNotifyByEnter={true}
      forceNotifyOnBlur={true}
      inputRef={[Function]}
      minLength={0}
      onFocus={[Function]}
      style={
        Object {
          "width": 47,
        }
      }
      type="text"
      value="2007-01-02"
    >
      <input
        aria-labelledby="labelId"
        autoComplete="off"
        className="form-control"
        onBlur={[Function]}
        onChange={[Function]}
        onFocus={[Function]}
        onKeyDown={[Function]}
        style={
          Object {
            "width": 47,
          }
        }
        type="text"
        value="2007-01-02"
      />
    </DebounceInput>
    <span
      style={
        Object {
          "fontSize": "1.6rem",
          "fontStyle": "oblique",
          "fontWeight": 400,
          "position": "absolute",
          "visibility": "hidden",
        }
      }
    >
      YYYY-MM-DD
    </span>
  </InputSizer>
  <span
    className="theme-arrow"
  >
    <Icon
      className="theme-icon"
      name="talend-arrow-right"
    >
      <svg
        aria-hidden="true"
        className="theme-tc-svg-icon tc-svg-icon theme-icon"
        focusable="false"
        name="talend-arrow-right"
        title={null}
      >
        <use
          xlinkHref="#talend-arrow-right"
        />
      </svg>
    </Icon>
  </span>
  <InputSizer
    inputText=""
    placeholder="YYYY-MM-DD"
  >
    <DebounceInput
      aria-labelledby="labelId"
      autoComplete="off"
      className="form-control"
      debounceTimeout={300}
      element="input"
      forceNotifyByEnter={true}
      forceNotifyOnBlur={true}
      inputRef={[Function]}
      minLength={0}
      onFocus={[Function]}
      style={
        Object {
          "width": 47,
        }
      }
      type="text"
      value="2007-01-08"
    >
      <input
        aria-labelledby="labelId"
        autoComplete="off"
        className="form-control"
        onBlur={[Function]}
        onChange={[Function]}
        onFocus={[Function]}
        onKeyDown={[Function]}
        style={
          Object {
            "width": 47,
          }
        }
        type="text"
        value="2007-01-08"
      />
    </DebounceInput>
    <span
      style={
        Object {
          "fontSize": "1.6rem",
          "fontStyle": "oblique",
          "fontWeight": 400,
          "position": "absolute",
          "visibility": "hidden",
        }
      }
    >
      YYYY-MM-DD
    </span>
  </InputSizer>
</DateRange.Inputs>
`;
